Accelerator(
  amp : bool = False
)
train(
  seed : int = 0
  save_path : str = runs/baseline_24khz/
  num_iters : int = 400000
  save_iters : list = [10000, 50000, 100000, 200000]
  sample_freq : int = 10000
  valid_freq : int = 1000
  batch_size : int = 32
  val_batch_size : int = 100
  num_workers : int = 32
  val_idx : list = [0, 1, 2, 3, 4, 5, 6, 7]
  lambdas : dict = {'mel/loss': 15.0, 'adv/feat_loss': 2.0, 'adv/gen_loss': 1.0, 'vq/commitment_loss': 0.25, 'vq/codebook_loss': 1.0}
)
load(
  resume : str = /N/slate/daripete/descript-audio-codec/checkpoint
  tag : str = latest
  load_weights : bool = False
)
[20:27:58] Resuming from                                                           decorators.py:220
           /N/slate/daripete/descript-audio-codec//N/slate/daripete/descript-audio                  
           -codec/checkpoint                                                                        
DAC(
  encoder_dim : int = 64
  encoder_rates : list = [2, 4, 5, 8]
  latent_dim : NoneType = None
  decoder_dim : int = 1536
  decoder_rates : list = [8, 5, 4, 2]
  n_codebooks : int = 32
  codebook_size : int = 1024
  codebook_dim : int = 8
  quantizer_dropout : bool = False
  sample_rate : int = 24000
)
Discriminator(
  rates : list = []
  periods : list = [2, 3, 5, 7, 11]
  fft_sizes : list = [2048, 1024, 512]
  sample_rate : int = 24000
  bands : list = [[0.0, 0.1], [0.1, 0.25], [0.25, 0.5], [0.5, 0.75], [0.75, 1.0]]
)
[20:28:00] DAC(                                                                    decorators.py:220
             (encoder): Encoder(                                                                    
               (block): Sequential(                                                                 
                 (0): Conv1d(1, 64, kernel_size=(7,), stride=(1,), padding=(3,))                    
                 (1): EncoderBlock(                                                                 
                   (block): Sequential(                                                             
                     (0): ResidualUnit(                                                             
                       (block): Sequential(                                                         
                         (0): Snake1d()                                                             
                         (1): Conv1d(64, 64, kernel_size=(7,), stride=(1,),                         
           padding=(3,))                                                                            
                         (2): Snake1d()                                                             
                         (3): Conv1d(64, 64, kernel_size=(1,), stride=(1,))                         
                       )                                                                            
                     )                                                                              
                     (1): ResidualUnit(                                                             
                       (block): Sequential(                                                         
                         (0): Snake1d()                                                             
                         (1): Conv1d(64, 64, kernel_size=(7,), stride=(1,),                         
           padding=(9,), dilation=(3,))                                                             
                         (2): Snake1d()                                                             
                         (3): Conv1d(64, 64, kernel_size=(1,), stride=(1,))                         
                       )                                                                            
                     )                                                                              
                     (2): ResidualUnit(                                                             
                       (block): Sequential(                                                         
                         (0): Snake1d()                                                             
                         (1): Conv1d(64, 64, kernel_size=(7,), stride=(1,),                         
           padding=(27,), dilation=(9,))                                                            
                         (2): Snake1d()                                                             
                         (3): Conv1d(64, 64, kernel_size=(1,), stride=(1,))                         
                       )                                                                            
                     )                                                                              
                     (3): Snake1d()                                                                 
                     (4): Conv1d(64, 128, kernel_size=(4,), stride=(2,),                            
           padding=(1,))                                                                            
                   )                                                                                
                 )                                                                                  
                 (2): EncoderBlock(                                                                 
                   (block): Sequential(                                                             
                     (0): ResidualUnit(                                                             
                       (block): Sequential(                                                         
                         (0): Snake1d()                                                             
                         (1): Conv1d(128, 128, kernel_size=(7,), stride=(1,),                       
           padding=(3,))                                                                            
                         (2): Snake1d()                                                             
                         (3): Conv1d(128, 128, kernel_size=(1,), stride=(1,))                       
                       )                                                                            
                     )                                                                              
                     (1): ResidualUnit(                                                             
                       (block): Sequential(                                                         
                         (0): Snake1d()                                                             
                         (1): Conv1d(128, 128, kernel_size=(7,), stride=(1,),                       
           padding=(9,), dilation=(3,))                                                             
                         (2): Snake1d()                                                             
                         (3): Conv1d(128, 128, kernel_size=(1,), stride=(1,))                       
                       )                                                                            
                     )                                                                              
                     (2): ResidualUnit(                                                             
                       (block): Sequential(                                                         
                         (0): Snake1d()                                                             
                         (1): Conv1d(128, 128, kernel_size=(7,), stride=(1,),                       
           padding=(27,), dilation=(9,))                                                            
                         (2): Snake1d()                                                             
                         (3): Conv1d(128, 128, kernel_size=(1,), stride=(1,))                       
                       )                                                                            
                     )                                                                              
                     (3): Snake1d()                                                                 
                     (4): Conv1d(128, 256, kernel_size=(8,), stride=(4,),                           
           padding=(2,))                                                                            
                   )                                                                                
                 )                                                                                  
                 (3): EncoderBlock(                                                                 
                   (block): Sequential(                                                             
                     (0): ResidualUnit(                                                             
                       (block): Sequential(                                                         
                         (0): Snake1d()                                                             
                         (1): Conv1d(256, 256, kernel_size=(7,), stride=(1,),                       
           padding=(3,))                                                                            
                         (2): Snake1d()                                                             
                         (3): Conv1d(256, 256, kernel_size=(1,), stride=(1,))                       
                       )                                                                            
                     )                                                                              
                     (1): ResidualUnit(                                                             
                       (block): Sequential(                                                         
                         (0): Snake1d()                                                             
                         (1): Conv1d(256, 256, kernel_size=(7,), stride=(1,),                       
           padding=(9,), dilation=(3,))                                                             
                         (2): Snake1d()                                                             
                         (3): Conv1d(256, 256, kernel_size=(1,), stride=(1,))                       
                       )                                                                            
                     )                                                                              
                     (2): ResidualUnit(                                                             
                       (block): Sequential(                                                         
                         (0): Snake1d()                                                             
                         (1): Conv1d(256, 256, kernel_size=(7,), stride=(1,),                       
           padding=(27,), dilation=(9,))                                                            
                         (2): Snake1d()                                                             
                         (3): Conv1d(256, 256, kernel_size=(1,), stride=(1,))                       
                       )                                                                            
                     )                                                                              
                     (3): Snake1d()                                                                 
                     (4): Conv1d(256, 512, kernel_size=(10,), stride=(5,),                          
           padding=(3,))                                                                            
                   )                                                                                
                 )                                                                                  
                 (4): EncoderBlock(                                                                 
                   (block): Sequential(                                                             
                     (0): ResidualUnit(                                                             
                       (block): Sequential(                                                         
                         (0): Snake1d()                                                             
                         (1): Conv1d(512, 512, kernel_size=(7,), stride=(1,),                       
           padding=(3,))                                                                            
                         (2): Snake1d()                                                             
                         (3): Conv1d(512, 512, kernel_size=(1,), stride=(1,))                       
                       )                                                                            
                     )                                                                              
                     (1): ResidualUnit(                                                             
                       (block): Sequential(                                                         
                         (0): Snake1d()                                                             
                         (1): Conv1d(512, 512, kernel_size=(7,), stride=(1,),                       
           padding=(9,), dilation=(3,))                                                             
                         (2): Snake1d()                                                             
                         (3): Conv1d(512, 512, kernel_size=(1,), stride=(1,))                       
                       )                                                                            
                     )                                                                              
                     (2): ResidualUnit(                                                             
                       (block): Sequential(                                                         
                         (0): Snake1d()                                                             
                         (1): Conv1d(512, 512, kernel_size=(7,), stride=(1,),                       
           padding=(27,), dilation=(9,))                                                            
                         (2): Snake1d()                                                             
                         (3): Conv1d(512, 512, kernel_size=(1,), stride=(1,))                       
                       )                                                                            
                     )                                                                              
                     (3): Snake1d()                                                                 
                     (4): Conv1d(512, 1024, kernel_size=(16,), stride=(8,),                         
           padding=(4,))                                                                            
                   )                                                                                
                 )                                                                                  
                 (5): Snake1d()                                                                     
                 (6): Conv1d(1024, 1024, kernel_size=(3,), stride=(1,),                             
           padding=(1,))                                                                            
               )                                                                                    
             )                                                                                      
             (quantizer): ResidualVectorQuantize(                                                   
               (quantizers): ModuleList(                                                            
                 (0-31): 32 x VectorQuantize(                                                       
                   (in_proj): Conv1d(1024, 8, kernel_size=(1,), stride=(1,))                        
                   (out_proj): Conv1d(8, 1024, kernel_size=(1,), stride=(1,))                       
                   (codebook): Embedding(1024, 8)                                                   
                 )                                                                                  
               )                                                                                    
             )                                                                                      
             (decoder): Decoder(                                                                    
               (model): Sequential(                                                                 
                 (0): Conv1d(1024, 1536, kernel_size=(7,), stride=(1,),                             
           padding=(3,))                                                                            
                 (1): DecoderBlock(                                                                 
                   (block): Sequential(                                                             
                     (0): Snake1d()                                                                 
                     (1): ConvTranspose1d(1536, 768, kernel_size=(16,),                             
           stride=(8,), padding=(4,))                                                               
                     (2): ResidualUnit(                                                             
                       (block): Sequential(                                                         
                         (0): Snake1d()                                                             
                         (1): Conv1d(768, 768, kernel_size=(7,), stride=(1,),                       
           padding=(3,))                                                                            
                         (2): Snake1d()                                                             
                         (3): Conv1d(768, 768, kernel_size=(1,), stride=(1,))                       
                       )                                                                            
                     )                                                                              
                     (3): ResidualUnit(                                                             
                       (block): Sequential(                                                         
                         (0): Snake1d()                                                             
                         (1): Conv1d(768, 768, kernel_size=(7,), stride=(1,),                       
           padding=(9,), dilation=(3,))                                                             
                         (2): Snake1d()                                                             
                         (3): Conv1d(768, 768, kernel_size=(1,), stride=(1,))                       
                       )                                                                            
                     )                                                                              
                     (4): ResidualUnit(                                                             
                       (block): Sequential(                                                         
                         (0): Snake1d()                                                             
                         (1): Conv1d(768, 768, kernel_size=(7,), stride=(1,),                       
           padding=(27,), dilation=(9,))                                                            
                         (2): Snake1d()                                                             
                         (3): Conv1d(768, 768, kernel_size=(1,), stride=(1,))                       
                       )                                                                            
                     )                                                                              
                   )                                                                                
                 )                                                                                  
                 (2): DecoderBlock(                                                                 
                   (block): Sequential(                                                             
                     (0): Snake1d()                                                                 
                     (1): ConvTranspose1d(768, 384, kernel_size=(10,),                              
           stride=(5,), padding=(3,), output_padding=(1,))                                          
                     (2): ResidualUnit(                                                             
                       (block): Sequential(                                                         
                         (0): Snake1d()                                                             
                         (1): Conv1d(384, 384, kernel_size=(7,), stride=(1,),                       
           padding=(3,))                                                                            
                         (2): Snake1d()                                                             
                         (3): Conv1d(384, 384, kernel_size=(1,), stride=(1,))                       
                       )                                                                            
                     )                                                                              
                     (3): ResidualUnit(                                                             
                       (block): Sequential(                                                         
                         (0): Snake1d()                                                             
                         (1): Conv1d(384, 384, kernel_size=(7,), stride=(1,),                       
           padding=(9,), dilation=(3,))                                                             
                         (2): Snake1d()                                                             
                         (3): Conv1d(384, 384, kernel_size=(1,), stride=(1,))                       
                       )                                                                            
                     )                                                                              
                     (4): ResidualUnit(                                                             
                       (block): Sequential(                                                         
                         (0): Snake1d()                                                             
                         (1): Conv1d(384, 384, kernel_size=(7,), stride=(1,),                       
           padding=(27,), dilation=(9,))                                                            
                         (2): Snake1d()                                                             
                         (3): Conv1d(384, 384, kernel_size=(1,), stride=(1,))                       
                       )                                                                            
                     )                                                                              
                   )                                                                                
                 )                                                                                  
                 (3): DecoderBlock(                                                                 
                   (block): Sequential(                                                             
                     (0): Snake1d()                                                                 
                     (1): ConvTranspose1d(384, 192, kernel_size=(8,), stride=(4,),                  
           padding=(2,))                                                                            
                     (2): ResidualUnit(                                                             
                       (block): Sequential(                                                         
                         (0): Snake1d()                                                             
                         (1): Conv1d(192, 192, kernel_size=(7,), stride=(1,),                       
           padding=(3,))                                                                            
                         (2): Snake1d()                                                             
                         (3): Conv1d(192, 192, kernel_size=(1,), stride=(1,))                       
                       )                                                                            
                     )                                                                              
                     (3): ResidualUnit(                                                             
                       (block): Sequential(                                                         
                         (0): Snake1d()                                                             
                         (1): Conv1d(192, 192, kernel_size=(7,), stride=(1,),                       
           padding=(9,), dilation=(3,))                                                             
                         (2): Snake1d()                                                             
                         (3): Conv1d(192, 192, kernel_size=(1,), stride=(1,))                       
                       )                                                                            
                     )                                                                              
                     (4): ResidualUnit(                                                             
                       (block): Sequential(                                                         
                         (0): Snake1d()                                                             
                         (1): Conv1d(192, 192, kernel_size=(7,), stride=(1,),                       
           padding=(27,), dilation=(9,))                                                            
                         (2): Snake1d()                                                             
                         (3): Conv1d(192, 192, kernel_size=(1,), stride=(1,))                       
                       )                                                                            
                     )                                                                              
                   )                                                                                
                 )                                                                                  
                 (4): DecoderBlock(                                                                 
                   (block): Sequential(                                                             
                     (0): Snake1d()                                                                 
                     (1): ConvTranspose1d(192, 96, kernel_size=(4,), stride=(2,),                   
           padding=(1,))                                                                            
                     (2): ResidualUnit(                                                             
                       (block): Sequential(                                                         
                         (0): Snake1d()                                                             
                         (1): Conv1d(96, 96, kernel_size=(7,), stride=(1,),                         
           padding=(3,))                                                                            
                         (2): Snake1d()                                                             
                         (3): Conv1d(96, 96, kernel_size=(1,), stride=(1,))                         
                       )                                                                            
                     )                                                                              
                     (3): ResidualUnit(                                                             
                       (block): Sequential(                                                         
                         (0): Snake1d()                                                             
                         (1): Conv1d(96, 96, kernel_size=(7,), stride=(1,),                         
           padding=(9,), dilation=(3,))                                                             
                         (2): Snake1d()                                                             
                         (3): Conv1d(96, 96, kernel_size=(1,), stride=(1,))                         
                       )                                                                            
                     )                                                                              
                     (4): ResidualUnit(                                                             
                       (block): Sequential(                                                         
                         (0): Snake1d()                                                             
                         (1): Conv1d(96, 96, kernel_size=(7,), stride=(1,),                         
           padding=(27,), dilation=(9,))                                                            
                         (2): Snake1d()                                                             
                         (3): Conv1d(96, 96, kernel_size=(1,), stride=(1,))                         
                       )                                                                            
                     )                                                                              
                   )                                                                                
                 )                                                                                  
                 (5): Snake1d()                                                                     
                 (6): Conv1d(96, 1, kernel_size=(7,), stride=(1,), padding=(3,))                    
                 (7): Tanh()                                                                        
               )                                                                                    
             )                                                                                      
           )                                                                                        
           Discriminator(                                                          decorators.py:220
             (discriminators): ModuleList(                                                          
               (0-4): 5 x MPD(                                                                      
                 (convs): ModuleList(                                                               
                   (0): Sequential(                                                                 
                     (0): Conv2d(1, 32, kernel_size=(5, 1), stride=(3, 1),                          
           padding=(2, 0))                                                                          
                     (1): LeakyReLU(negative_slope=0.1)                                             
                   )                                                                                
                   (1): Sequential(                                                                 
                     (0): Conv2d(32, 128, kernel_size=(5, 1), stride=(3, 1),                        
           padding=(2, 0))                                                                          
                     (1): LeakyReLU(negative_slope=0.1)                                             
                   )                                                                                
                   (2): Sequential(                                                                 
                     (0): Conv2d(128, 512, kernel_size=(5, 1), stride=(3, 1),                       
           padding=(2, 0))                                                                          
                     (1): LeakyReLU(negative_slope=0.1)                                             
                   )                                                                                
                   (3): Sequential(                                                                 
                     (0): Conv2d(512, 1024, kernel_size=(5, 1), stride=(3, 1),                      
           padding=(2, 0))                                                                          
                     (1): LeakyReLU(negative_slope=0.1)                                             
                   )                                                                                
                   (4): Sequential(                                                                 
                     (0): Conv2d(1024, 1024, kernel_size=(5, 1), stride=(1, 1),                     
           padding=(2, 0))                                                                          
                     (1): LeakyReLU(negative_slope=0.1)                                             
                   )                                                                                
                 )                                                                                  
                 (conv_post): Conv2d(1024, 1, kernel_size=(3, 1), stride=(1, 1),                    
           padding=(1, 0))                                                                          
               )                                                                                    
               (5-7): 3 x MRD(                                                                      
                 (band_convs): ModuleList(                                                          
                   (0-4): 5 x ModuleList(                                                           
                     (0): Sequential(                                                               
                       (0): Conv2d(2, 32, kernel_size=(3, 9), stride=(1, 1),                        
           padding=(1, 4))                                                                          
                       (1): LeakyReLU(negative_slope=0.1)                                           
                     )                                                                              
                     (1-3): 3 x Sequential(                                                         
                       (0): Conv2d(32, 32, kernel_size=(3, 9), stride=(1, 2),                       
           padding=(1, 4))                                                                          
                       (1): LeakyReLU(negative_slope=0.1)                                           
                     )                                                                              
                     (4): Sequential(                                                               
                       (0): Conv2d(32, 32, kernel_size=(3, 3), stride=(1, 1),                       
           padding=(1, 1))                                                                          
                       (1): LeakyReLU(negative_slope=0.1)                                           
                     )                                                                              
                   )                                                                                
                 )                                                                                  
                 (conv_post): Conv2d(32, 1, kernel_size=(3, 3), stride=(1, 1),                      
           padding=(1, 1))                                                                          
               )                                                                                    
             )                                                                                      
           )                                                                                        
AdamW(
  # scope = generator
  lr : float = 0.0001
  betas : list = [0.8, 0.99]
  eps : float = 1e-08
  weight_decay : float = 0.01
  amsgrad : bool = False
  maximize : bool = False
  capturable : bool = False
  differentiable : bool = False
)
ExponentialLR(
  # scope = generator
  gamma : float = 0.999996
)
AdamW(
  # scope = discriminator
  lr : float = 0.0001
  betas : list = [0.8, 0.99]
  eps : float = 1e-08
  weight_decay : float = 0.01
  amsgrad : bool = False
  maximize : bool = False
  capturable : bool = False
  differentiable : bool = False
)
ExponentialLR(
  # scope = discriminator
  gamma : float = 0.999996
)
build_dataset(
  # scope = train
  folders : dict = {'music_hq': ['/N/slate/daripete/descript-audio-codec/datasets/fma_train.csv']}
)
AudioLoader(
  # scope = train
  sources : list = ['/N/slate/daripete/descript-audio-codec/datasets/fma_train.csv']
  weights : NoneType = None
  relative_path : str = 
  ext : list = ['.wav', '.flac', '.mp3', '.mp4']
  shuffle : bool = True
  shuffle_state : int = 0
)
build_transform(
  # scope = train
  augment_prob : float = 0.0
  preprocess : list = ['Identity']
  augment : list = ['Identity']
  postprocess : list = ['VolumeNorm', 'RescaleAudio', 'ShiftPhase']
)
BaseTransform(
  # scope = train
  keys : list = []
  name : NoneType = None
  prob : float = 1.0
)
BaseTransform(
  # scope = train
  keys : list = []
  name : NoneType = None
  prob : float = 1.0
)
VolumeNorm(
  # scope = train
  db : list = ['const', -16]
  name : NoneType = None
  prob : float = 1.0
)
RescaleAudio(
  # scope = train
  val : float = 1.0
  name : NoneType = None
  prob : int = 1
)
ShiftPhase(
  # scope = train
  shift : tuple = ('uniform', -3.141592653589793, 3.141592653589793)
  name : NoneType = None
  prob : int = 1
)
BaseTransform(
  # scope = train
  keys : list = []
  name : NoneType = None
  prob : int = 1
)
AudioDataset(
  # scope = train
  n_examples : int = 10000000
  duration : float = 0.38
  offset : NoneType = None
  loudness_cutoff : int = -40
  num_channels : int = 1
  transform : Compose = <audiotools.data.transforms.Compose object at 0x7f1bf29d1250>
  aligned : bool = False
  shuffle_loaders : bool = False
  without_replacement : bool = True
)
build_dataset(
  # scope = val
  folders : dict = {'music_hq': ['/N/slate/daripete/descript-audio-codec/datasets/fma_valid.csv']}
)
AudioLoader(
  # scope = val
  sources : list = ['/N/slate/daripete/descript-audio-codec/datasets/fma_valid.csv']
  weights : NoneType = None
  relative_path : str = 
  ext : list = ['.wav', '.flac', '.mp3', '.mp4']
  shuffle : bool = True
  shuffle_state : int = 0
)
build_transform(
  # scope = val
  augment_prob : float = 1.0
  preprocess : list = ['Identity']
  augment : list = ['Identity']
  postprocess : list = ['VolumeNorm', 'RescaleAudio', 'ShiftPhase']
)
BaseTransform(
  # scope = val
  keys : list = []
  name : NoneType = None
  prob : float = 1.0
)
BaseTransform(
  # scope = val
  keys : list = []
  name : NoneType = None
  prob : float = 1.0
)
VolumeNorm(
  # scope = val
  db : list = ['const', -16]
  name : NoneType = None
  prob : float = 1.0
)
RescaleAudio(
  # scope = val
  val : float = 1.0
  name : NoneType = None
  prob : int = 1
)
ShiftPhase(
  # scope = val
  shift : tuple = ('uniform', -3.141592653589793, 3.141592653589793)
  name : NoneType = None
  prob : int = 1
)
BaseTransform(
  # scope = val
  keys : list = []
  name : NoneType = None
  prob : int = 1
)
AudioDataset(
  # scope = val
  n_examples : int = 250
  duration : float = 5.0
  offset : NoneType = None
  loudness_cutoff : int = -40
  num_channels : int = 1
  transform : Compose = <audiotools.data.transforms.Compose object at 0x7f1bf25f8650>
  aligned : bool = False
  shuffle_loaders : bool = False
  without_replacement : bool = True
)
L1Loss(
  attribute : str = audio_data
  weight : float = 1.0
)
MultiScaleSTFTLoss(
  window_lengths : list = [2048, 512]
  clamp_eps : float = 1e-05
  mag_weight : float = 1.0
  log_weight : float = 1.0
  pow : float = 2.0
  weight : float = 1.0
  match_stride : bool = False
  window_type : NoneType = None
)
MelSpectrogramLoss(
  n_mels : list = [5, 10, 20, 40, 80, 160, 320]
  window_lengths : list = [32, 64, 128, 256, 512, 1024, 2048]
  clamp_eps : float = 1e-05
  mag_weight : float = 0.0
  log_weight : float = 1.0
  pow : float = 1.0
  weight : float = 1.0
  match_stride : bool = False
  mel_fmin : list = [0, 0, 0, 0, 0, 0, 0]
  mel_fmax : list = [None, None, None, None, None, None, None]
  window_type : NoneType = None
)
GANLoss(
)
[20:28:30] Saving audio samples to TensorBoard                                     decorators.py:220
warning: audio amplitude out of range, auto clipped.
warning: audio amplitude out of range, auto clipped.
[20:29:00] Saving to /N/slate/daripete/descript-audio-codec                        decorators.py:220
           Best generator so far                                                   decorators.py:220
[20:29:08] ┏━━━━━━━━━━━━━━━━━━━━━━━━━━━━━━━━━━━━━━━━━━━━━━━━━━━━━━━━━━━━━━━━━━━━━┓ decorators.py:220
           ┃                             Iteration 0                             ┃                  
           ┗━━━━━━━━━━━━━━━━━━━━━━━━━━━━━━━━━━━━━━━━━━━━━━━━━━━━━━━━━━━━━━━━━━━━━┛                  
                                            train                                                   
                                            ╷                  ╷                                    
             key                            │ value            │ mean                               
           ╶────────────────────────────────┼──────────────────┼─────────────────╴                  
             adv/disc_loss                  │   7.993960       │   7.993960                         
             adv/feat_loss                  │   9.656116       │   9.656116                         
             adv/gen_loss                   │   7.297460       │   7.297460                         
             loss                           │  72.255959       │  72.255959                         
             mel/loss                       │   0.710959       │   0.710959                         
             other/batch_size               │  32.000000       │  32.000000                         
             other/grad_norm                │  48.135517       │  48.135517                         
             other/grad_norm_d              │   6.987583       │   6.987583                         
             other/learning_rate            │   0.000100       │   0.000100                         
             stft/loss                      │   1.655000       │   1.655000                         
             vq/codebook_loss               │  27.985508       │  27.985508                         
             vq/commitment_loss             │  27.985508       │  27.985508                         
             waveform/loss                  │   0.111885       │   0.111885                         
             time/train_loop                │  11.712265       │  11.712265                         
                                            ╵                  ╵                                    
                                             val                                                    
                                      ╷                     ╷                                       
             key                      │ value               │ mean                                  
           ╶──────────────────────────┼─────────────────────┼────────────────────╴                  
             loss                     │   1.291112          │   1.267603                            
             mel/loss                 │   1.291112          │   1.267603                            
             stft/loss                │   2.337265          │   2.292347                            
             waveform/loss            │   0.089302          │   0.091159                            
             time/val_loop            │   5.679737          │   6.691588                            
                                      ╵                     ╵                                       
           ⠋ Iteration (train) 1/400000                          0:01:01 / -:--:--                  
           ⠋ Iteration (val)   0/3                               0:00:00 / -:--:--                  
