usage: conda [-h] [--no-plugins] [-V] COMMAND ...
conda: error: argument COMMAND: invalid choice: 'activate' (choose from 'clean', 'compare', 'config', 'create', 'info', 'init', 'install', 'list', 'notices', 'package', 'remove', 'uninstall', 'rename', 'run', 'search', 'update', 'upgrade', 'build', 'content-trust', 'convert', 'debug', 'develop', 'doctor', 'index', 'inspect', 'metapackage', 'render', 'skeleton', 'token', 'verify', 'repo', 'server', 'pack', 'env')
W0920 20:35:31.195000 140652963682112 torch/distributed/run.py:779] 
W0920 20:35:31.195000 140652963682112 torch/distributed/run.py:779] *****************************************
W0920 20:35:31.195000 140652963682112 torch/distributed/run.py:779] Setting OMP_NUM_THREADS environment variable for each process to be 1 in default, to avoid your system being overloaded, please further tune the variable for optimal performance in your application as needed. 
W0920 20:35:31.195000 140652963682112 torch/distributed/run.py:779] *****************************************
Traceback (most recent call last):
  File "/N/slate/daripete/anaconda3/envs/dac/bin/torchrun", line 8, in <module>
    sys.exit(main())
             ^^^^^^
  File "/N/slate/daripete/anaconda3/envs/dac/lib/python3.11/site-packages/torch/distributed/elastic/multiprocessing/errors/__init__.py", line 348, in wrapper
    return f(*args, **kwargs)
           ^^^^^^^^^^^^^^^^^^
  File "/N/slate/daripete/anaconda3/envs/dac/lib/python3.11/site-packages/torch/distributed/run.py", line 901, in main
    run(args)
  File "/N/slate/daripete/anaconda3/envs/dac/lib/python3.11/site-packages/torch/distributed/run.py", line 892, in run
    elastic_launch(
  File "/N/slate/daripete/anaconda3/envs/dac/lib/python3.11/site-packages/torch/distributed/launcher/api.py", line 133, in __call__
    return launch_agent(self._config, self._entrypoint, list(args))
           ^^^^^^^^^^^^^^^^^^^^^^^^^^^^^^^^^^^^^^^^^^^^^^^^^^^^^^^^
  File "/N/slate/daripete/anaconda3/envs/dac/lib/python3.11/site-packages/torch/distributed/launcher/api.py", line 255, in launch_agent
    result = agent.run()
             ^^^^^^^^^^^
  File "/N/slate/daripete/anaconda3/envs/dac/lib/python3.11/site-packages/torch/distributed/elastic/metrics/api.py", line 124, in wrapper
    result = f(*args, **kwargs)
             ^^^^^^^^^^^^^^^^^^
  File "/N/slate/daripete/anaconda3/envs/dac/lib/python3.11/site-packages/torch/distributed/elastic/agent/server/api.py", line 680, in run
    result = self._invoke_run(role)
             ^^^^^^^^^^^^^^^^^^^^^^
  File "/N/slate/daripete/anaconda3/envs/dac/lib/python3.11/site-packages/torch/distributed/elastic/agent/server/api.py", line 829, in _invoke_run
    self._initialize_workers(self._worker_group)
  File "/N/slate/daripete/anaconda3/envs/dac/lib/python3.11/site-packages/torch/distributed/elastic/metrics/api.py", line 124, in wrapper
    result = f(*args, **kwargs)
             ^^^^^^^^^^^^^^^^^^
  File "/N/slate/daripete/anaconda3/envs/dac/lib/python3.11/site-packages/torch/distributed/elastic/agent/server/api.py", line 652, in _initialize_workers
    self._rendezvous(worker_group)
  File "/N/slate/daripete/anaconda3/envs/dac/lib/python3.11/site-packages/torch/distributed/elastic/metrics/api.py", line 124, in wrapper
    result = f(*args, **kwargs)
             ^^^^^^^^^^^^^^^^^^
  File "/N/slate/daripete/anaconda3/envs/dac/lib/python3.11/site-packages/torch/distributed/elastic/agent/server/api.py", line 489, in _rendezvous
    rdzv_info = spec.rdzv_handler.next_rendezvous()
                ^^^^^^^^^^^^^^^^^^^^^^^^^^^^^^^^^^^
  File "/N/slate/daripete/anaconda3/envs/dac/lib/python3.11/site-packages/torch/distributed/elastic/rendezvous/static_tcp_rendezvous.py", line 66, in next_rendezvous
    self._store = TCPStore(  # type: ignore[call-arg]
                  ^^^^^^^^^^^^^^^^^^^^^^^^^^^^^^^^^^^
RuntimeError: The server socket has failed to listen on any local network address. useIpv6: 0, code: -98, name: EADDRINUSE, message: address already in use
